$ sphinx-quickstart 
Welcome to the Sphinx 1.2.3 quickstart utility.

Please enter values for the following settings (just press Enter to
accept a default value, if one is given in brackets).

Enter the root path for documentation.
> Root path for the documentation [.]: 

You have two options for placing the build directory for Sphinx output.
Either, you use a directory "_build" within the root path, or you separate
"source" and "build" directories within the root path.
> Separate source and build directories (y/n) [n]: y

Inside the root directory, two more directories will be created; "_templates"
for custom HTML templates and "_static" for custom stylesheets and other static
files. You can enter another prefix (such as ".") to replace the underscore.
> Name prefix for templates and static dir [_]: 

The project name will occur in several places in the built documentation.
> Project name: Parallel thinking
> Author name(s): hpczone

Sphinx has the notion of a "version" and a "release" for the
software. Each version can have multiple releases. For example, for
Python the version is something like 2.5 or 3.0, while the release is
something like 2.5.1 or 3.0a1.  If you don't need this dual structure,
just set both to the same value.
> Project version: 0.9
> Project release [0.9]: 

The file name suffix for source files. Commonly, this is either ".txt"
or ".rst".  Only files with this suffix are considered documents.
> Source file suffix [.rst]: 

One document is special in that it is considered the top node of the
"contents tree", that is, it is the root of the hierarchical structure
of the documents. Normally, this is "index", but if your "index"
document is a custom template, you can also set this to another filename.
> Name of your master document (without suffix) [index]: 

Sphinx can also add configuration for epub output:
> Do you want to use the epub builder (y/n) [n]: 

Please indicate if you want to use one of the following Sphinx extensions:
> autodoc: automatically insert docstrings from modules (y/n) [n]: 
> doctest: automatically test code snippets in doctest blocks (y/n) [n]: 
> intersphinx: link between Sphinx documentation of different projects (y/n) [n]: 
> todo: write "todo" entries that can be shown or hidden on build (y/n) [n]: 
> coverage: checks for documentation coverage (y/n) [n]: 
> pngmath: include math, rendered as PNG images (y/n) [n]: y
> mathjax: include math, rendered in the browser by MathJax (y/n) [n]: 
> ifconfig: conditional inclusion of content based on config values (y/n) [n]: 
> viewcode: include links to the source code of documented Python objects (y/n) [n]: 

A Makefile and a Windows command file can be generated for you so that you
only have to run e.g. `make html' instead of invoking sphinx-build
directly.
> Create Makefile? (y/n) [y]: 
> Create Windows command file? (y/n) [y]: n

Creating file ./source/conf.py.
Creating file ./source/index.rst.
Creating file ./Makefile.

Finished: An initial directory structure has been created.

You should now populate your master file ./source/index.rst and create other documentation
source files. Use the Makefile to build the docs, like so:
   make builder
where "builder" is one of the supported builders, e.g. html, latex or linkcheck.


